........................................................................ [  5%]
........................................................................ [ 11%]
........................................................................ [ 17%]
........................................................................ [ 22%]
........................................................................ [ 28%]
........................................................................ [ 34%]
........................................................................ [ 39%]
........................................................................ [ 45%]
........................................................................ [ 51%]
........................................................................ [ 56%]
........................................................................ [ 62%]
........................................................................ [ 68%]
........................................................................ [ 73%]
........................................................................ [ 79%]
........................................................................ [ 85%]
........................................................................ [ 90%]
........................................................................ [ 96%]
............................................                             [100%]
=============================== warnings summary ===============================
lab_regime_model_quantbt/tests/test_lab01_safety.py::test_t03_duplicate_member_rejected
  /usr/lib/python3.12/zipfile/__init__.py:1624: UserWarning: Duplicate name: 'vwap.py'
    return self._open_to_write(zinfo, force_zip64=force_zip64)

-- Docs: https://docs.pytest.org/en/stable/how-to/capture-warnings.html
1268 passed, 1 warning in 1290.02s (0:21:30)
EXIT:0
