{"utc": "2026-09-26T01:19:48.391275+00:00", "event": "run_start", "limits": {"rlimit_as_gib": 4, "cpu_limit": "2"}, "frozen_recipe_c": 2.0}
{"utc": "2026-09-26T01:19:48.500875+00:00", "event": "training_pool_loaded", "n_origins": 24, "n_records": 384}
{"utc": "2026-09-26T01:19:48.501412+00:00", "event": "fold_start", "origin": "2024-03-23"}
{"utc": "2026-09-26T01:53:01.475880+00:00", "event": "search_done", "origin": "2024-03-23", "n_trials": 128, "n_unique_candidates": 97, "panel_size": 16, "wall_seconds": 1992.2}
{"utc": "2026-09-26T01:53:40.294627+00:00", "event": "candidate_done", "origin": "2024-03-23", "candidate_index": 0, "total": 16, "candidate_id": "AP=17|alpha.condition_threshold=30|coeff=8|novolumedata=False|src_col=close", "is_status": "OK", "fwd_status": "OK", "entries": 201}
{"utc": "2026-09-26T01:54:14.316944+00:00", "event": "candidate_done", "origin": "2024-03-23", "candidate_index": 1, "total": 16, "candidate_id": "AP=19|alpha.condition_threshold=30|coeff=8|novolumedata=False|src_col=close", "is_status": "OK", "fwd_status": "OK", "entries": 200}
{"utc": "2026-09-26T01:54:49.643180+00:00", "event": "candidate_done", "origin": "2024-03-23", "candidate_index": 2, "total": 16, "candidate_id": "AP=28|alpha.condition_threshold=30|coeff=8|novolumedata=False|src_col=close", "is_status": "OK", "fwd_status": "OK", "entries": 195}
{"utc": "2026-09-26T01:55:23.734635+00:00", "event": "candidate_done", "origin": "2024-03-23", "candidate_index": 3, "total": 16, "candidate_id": "AP=21|alpha.condition_threshold=30|coeff=8|novolumedata=False|src_col=close", "is_status": "OK", "fwd_status": "OK", "entries": 198}
{"utc": "2026-09-26T01:55:58.565528+00:00", "event": "candidate_done", "origin": "2024-03-23", "candidate_index": 4, "total": 16, "candidate_id": "AP=11|alpha.condition_threshold=30|coeff=8|novolumedata=False|src_col=close", "is_status": "OK", "fwd_status": "OK", "entries": 215}
{"utc": "2026-09-26T01:56:34.326237+00:00", "event": "candidate_done", "origin": "2024-03-23", "candidate_index": 5, "total": 16, "candidate_id": "AP=26|alpha.condition_threshold=30|coeff=8|novolumedata=False|src_col=close", "is_status": "OK", "fwd_status": "OK", "entries": 195}
{"utc": "2026-09-26T01:57:08.708558+00:00", "event": "candidate_done", "origin": "2024-03-23", "candidate_index": 6, "total": 16, "candidate_id": "AP=25|alpha.condition_threshold=30|coeff=8|novolumedata=False|src_col=close", "is_status": "OK", "fwd_status": "OK", "entries": 197}
{"utc": "2026-09-26T01:57:44.008303+00:00", "event": "candidate_done", "origin": "2024-03-23", "candidate_index": 7, "total": 16, "candidate_id": "AP=15|alpha.condition_threshold=35|coeff=8|novolumedata=False|src_col=close", "is_status": "OK", "fwd_status": "OK", "entries": 210}
{"utc": "2026-09-26T01:58:17.703013+00:00", "event": "candidate_done", "origin": "2024-03-23", "candidate_index": 8, "total": 16, "candidate_id": "AP=16|alpha.condition_threshold=30|coeff=8|novolumedata=False|src_col=close", "is_status": "OK", "fwd_status": "OK", "entries": 205}
{"utc": "2026-09-26T01:58:52.291405+00:00", "event": "candidate_done", "origin": "2024-03-23", "candidate_index": 9, "total": 16, "candidate_id": "AP=15|alpha.condition_threshold=30|coeff=8|novolumedata=False|src_col=close", "is_status": "OK", "fwd_status": "OK", "entries": 206}
{"utc": "2026-09-26T01:59:26.849168+00:00", "event": "candidate_done", "origin": "2024-03-23", "candidate_index": 10, "total": 16, "candidate_id": "AP=18|alpha.condition_threshold=35|coeff=7|novolumedata=False|src_col=close", "is_status": "OK", "fwd_status": "OK", "entries": 267}
{"utc": "2026-09-26T02:00:03.895324+00:00", "event": "candidate_done", "origin": "2024-03-23", "candidate_index": 11, "total": 16, "candidate_id": "AP=18|alpha.condition_threshold=30|coeff=8|novolumedata=False|src_col=close", "is_status": "OK", "fwd_status": "OK", "entries": 201}
{"utc": "2026-09-26T02:00:39.264126+00:00", "event": "candidate_done", "origin": "2024-03-23", "candidate_index": 12, "total": 16, "candidate_id": "AP=22|alpha.condition_threshold=30|coeff=8|novolumedata=False|src_col=close", "is_status": "OK", "fwd_status": "OK", "entries": 198}
{"utc": "2026-09-26T02:01:14.848627+00:00", "event": "candidate_done", "origin": "2024-03-23", "candidate_index": 13, "total": 16, "candidate_id": "AP=12|alpha.condition_threshold=35|coeff=8|novolumedata=False|src_col=close", "is_status": "OK", "fwd_status": "OK", "entries": 221}
{"utc": "2026-09-26T02:01:50.672563+00:00", "event": "candidate_done", "origin": "2024-03-23", "candidate_index": 14, "total": 16, "candidate_id": "AP=30|alpha.condition_threshold=35|coeff=8|novolumedata=False|src_col=close", "is_status": "OK", "fwd_status": "OK", "entries": 211}
{"utc": "2026-09-26T02:02:26.435197+00:00", "event": "candidate_done", "origin": "2024-03-23", "candidate_index": 15, "total": 16, "candidate_id": "AP=17|alpha.condition_threshold=35|coeff=8|novolumedata=False|src_col=close", "is_status": "OK", "fwd_status": "OK", "entries": 210}
{"utc": "2026-09-26T02:02:28.599216+00:00", "event": "jm_fit_done", "origin": "2024-03-23", "status": "OK", "state": 0}
{"utc": "2026-09-26T02:02:28.627148+00:00", "event": "fold_complete", "origin": "2024-03-23", "fold_wall_seconds": 2560.12, "peak_rss_mib_so_far": 1407.7, "winners": {"A_M4": "AP=19|alpha.condition_threshold=30|coeff=8|novolumedata=False|src_col=close", "B_SD_GLOBAL": "AP=26|alpha.condition_threshold=30|coeff=8|novolumedata=False|src_col=close", "JM_C2.0": "AP=28|alpha.condition_threshold=30|coeff=8|novolumedata=False|src_col=close"}, "sha256": "1475513b2fce05a6b070fd81379133baafa93564d065bfe3f668f211d6eb9e5a"}
{"utc": "2026-09-26T02:02:28.627464+00:00", "event": "fold_start", "origin": "2024-05-18"}
{"utc": "2026-09-26T02:37:54.145528+00:00", "event": "search_done", "origin": "2024-05-18", "n_trials": 128, "n_unique_candidates": 110, "panel_size": 16, "wall_seconds": 2125.52}
{"utc": "2026-09-26T02:38:26.816416+00:00", "event": "candidate_done", "origin": "2024-05-18", "candidate_index": 0, "total": 16, "candidate_id": "AP=59|alpha.condition_threshold=80|coeff=6|novolumedata=False|src_col=close", "is_status": "OK", "fwd_status": "OK", "entries": 68}
{"utc": "2026-09-26T02:38:59.135854+00:00", "event": "candidate_done", "origin": "2024-05-18", "candidate_index": 1, "total": 16, "candidate_id": "AP=53|alpha.condition_threshold=80|coeff=5|novolumedata=False|src_col=close", "is_status": "OK", "fwd_status": "OK", "entries": 96}
{"utc": "2026-09-26T02:39:31.624328+00:00", "event": "candidate_done", "origin": "2024-05-18", "candidate_index": 2, "total": 16, "candidate_id": "AP=35|alpha.condition_threshold=80|coeff=7|novolumedata=False|src_col=close", "is_status": "OK", "fwd_status": "OK", "entries": 130}
{"utc": "2026-09-26T02:40:04.246644+00:00", "event": "candidate_done", "origin": "2024-05-18", "candidate_index": 3, "total": 16, "candidate_id": "AP=37|alpha.condition_threshold=80|coeff=7|novolumedata=False|src_col=close", "is_status": "OK", "fwd_status": "OK", "entries": 126}
{"utc": "2026-09-26T02:40:37.584034+00:00", "event": "candidate_done", "origin": "2024-05-18", "candidate_index": 4, "total": 16, "candidate_id": "AP=54|alpha.condition_threshold=80|coeff=6|novolumedata=False|src_col=close", "is_status": "OK", "fwd_status": "OK", "entries": 82}
{"utc": "2026-09-26T02:41:10.979520+00:00", "event": "candidate_done", "origin": "2024-05-18", "candidate_index": 5, "total": 16, "candidate_id": "AP=29|alpha.condition_threshold=80|coeff=8|novolumedata=False|src_col=close", "is_status": "OK", "fwd_status": "OK", "entries": 126}
{"utc": "2026-09-26T02:41:44.927514+00:00", "event": "candidate_done", "origin": "2024-05-18", "candidate_index": 6, "total": 16, "candidate_id": "AP=55|alpha.condition_threshold=80|coeff=6|novolumedata=False|src_col=close", "is_status": "OK", "fwd_status": "OK", "entries": 79}
{"utc": "2026-09-26T02:42:17.310219+00:00", "event": "candidate_done", "origin": "2024-05-18", "candidate_index": 7, "total": 16, "candidate_id": "AP=60|alpha.condition_threshold=75|coeff=6|novolumedata=False|src_col=close", "is_status": "OK", "fwd_status": "OK", "entries": 144}
{"utc": "2026-09-26T02:42:50.074687+00:00", "event": "candidate_done", "origin": "2024-05-18", "candidate_index": 8, "total": 16, "candidate_id": "AP=57|alpha.condition_threshold=80|coeff=6|novolumedata=False|src_col=close", "is_status": "OK", "fwd_status": "OK", "entries": 74}
{"utc": "2026-09-26T02:43:22.971016+00:00", "event": "candidate_done", "origin": "2024-05-18", "candidate_index": 9, "total": 16, "candidate_id": "AP=57|alpha.condition_threshold=80|coeff=5|novolumedata=False|src_col=close", "is_status": "OK", "fwd_status": "OK", "entries": 85}
{"utc": "2026-09-26T02:43:59.327133+00:00", "event": "candidate_done", "origin": "2024-05-18", "candidate_index": 10, "total": 16, "candidate_id": "AP=10|alpha.condition_threshold=70|coeff=8|novolumedata=False|src_col=close", "is_status": "OK", "fwd_status": "OK", "entries": 185}
{"utc": "2026-09-26T02:44:32.278630+00:00", "event": "candidate_done", "origin": "2024-05-18", "candidate_index": 11, "total": 16, "candidate_id": "AP=10|alpha.condition_threshold=75|coeff=8|novolumedata=False|src_col=close", "is_status": "OK", "fwd_status": "OK", "entries": 182}
{"utc": "2026-09-26T02:45:05.587668+00:00", "event": "candidate_done", "origin": "2024-05-18", "candidate_index": 12, "total": 16, "candidate_id": "AP=48|alpha.condition_threshold=80|coeff=6|novolumedata=False|src_col=close", "is_status": "OK", "fwd_status": "OK", "entries": 108}
{"utc": "2026-09-26T02:45:39.329374+00:00", "event": "candidate_done", "origin": "2024-05-18", "candidate_index": 13, "total": 16, "candidate_id": "AP=14|alpha.condition_threshold=80|coeff=7|novolumedata=False|src_col=close", "is_status": "OK", "fwd_status": "OK", "entries": 200}
{"utc": "2026-09-26T02:46:12.767536+00:00", "event": "candidate_done", "origin": "2024-05-18", "candidate_index": 14, "total": 16, "candidate_id": "AP=8|alpha.condition_threshold=75|coeff=8|novolumedata=False|src_col=close", "is_status": "OK", "fwd_status": "OK", "entries": 194}
{"utc": "2026-09-26T02:46:45.414885+00:00", "event": "candidate_done", "origin": "2024-05-18", "candidate_index": 15, "total": 16, "candidate_id": "AP=49|alpha.condition_threshold=80|coeff=7|novolumedata=False|src_col=close", "is_status": "OK", "fwd_status": "OK", "entries": 94}
{"utc": "2026-09-26T02:46:47.332502+00:00", "event": "jm_fit_done", "origin": "2024-05-18", "status": "OK", "state": 1}
{"utc": "2026-09-26T02:46:47.355190+00:00", "event": "fold_complete", "origin": "2024-05-18", "fold_wall_seconds": 2658.72, "peak_rss_mib_so_far": 1832.0, "winners": {"A_M4": "AP=57|alpha.condition_threshold=80|coeff=6|novolumedata=False|src_col=close", "B_SD_GLOBAL": "AP=57|alpha.condition_threshold=80|coeff=6|novolumedata=False|src_col=close", "JM_C2.0": "AP=57|alpha.condition_threshold=80|coeff=6|novolumedata=False|src_col=close"}, "sha256": "8694a9fc4cf99491a2b5dbe1341de5af289524f89d69f49ef5a1e5a55e54802b"}
{"utc": "2026-09-26T02:46:47.355403+00:00", "event": "fold_start", "origin": "2024-07-13"}
{"utc": "2026-09-26T03:19:34.539629+00:00", "event": "search_done", "origin": "2024-07-13", "n_trials": 128, "n_unique_candidates": 102, "panel_size": 16, "wall_seconds": 1967.18}
{"utc": "2026-09-26T03:20:07.326852+00:00", "event": "candidate_done", "origin": "2024-07-13", "candidate_index": 0, "total": 16, "candidate_id": "AP=43|alpha.condition_threshold=80|coeff=8|novolumedata=False|src_col=close", "is_status": "OK", "fwd_status": "OK", "entries": 99}
{"utc": "2026-09-26T03:20:40.365715+00:00", "event": "candidate_done", "origin": "2024-07-13", "candidate_index": 1, "total": 16, "candidate_id": "AP=44|alpha.condition_threshold=80|coeff=7|novolumedata=False|src_col=close", "is_status": "OK", "fwd_status": "OK", "entries": 109}
{"utc": "2026-09-26T03:21:13.938547+00:00", "event": "candidate_done", "origin": "2024-07-13", "candidate_index": 2, "total": 16, "candidate_id": "AP=41|alpha.condition_threshold=80|coeff=8|novolumedata=False|src_col=close", "is_status": "OK", "fwd_status": "OK", "entries": 107}
{"utc": "2026-09-26T03:21:46.460986+00:00", "event": "candidate_done", "origin": "2024-07-13", "candidate_index": 3, "total": 16, "candidate_id": "AP=53|alpha.condition_threshold=80|coeff=7|novolumedata=False|src_col=close", "is_status": "OK", "fwd_status": "OK", "entries": 89}
{"utc": "2026-09-26T03:22:19.700330+00:00", "event": "candidate_done", "origin": "2024-07-13", "candidate_index": 4, "total": 16, "candidate_id": "AP=40|alpha.condition_threshold=80|coeff=8|novolumedata=False|src_col=close", "is_status": "OK", "fwd_status": "OK", "entries": 111}
{"utc": "2026-09-26T03:22:51.743302+00:00", "event": "candidate_done", "origin": "2024-07-13", "candidate_index": 5, "total": 16, "candidate_id": "AP=43|alpha.condition_threshold=80|coeff=6|novolumedata=False|src_col=close", "is_status": "OK", "fwd_status": "OK", "entries": 129}
{"utc": "2026-09-26T03:23:23.978196+00:00", "event": "candidate_done", "origin": "2024-07-13", "candidate_index": 6, "total": 16, "candidate_id": "AP=48|alpha.condition_threshold=80|coeff=6|novolumedata=False|src_col=close", "is_status": "OK", "fwd_status": "OK", "entries": 112}
{"utc": "2026-09-26T03:23:57.704823+00:00", "event": "candidate_done", "origin": "2024-07-13", "candidate_index": 7, "total": 16, "candidate_id": "AP=48|alpha.condition_threshold=80|coeff=7|novolumedata=False|src_col=close", "is_status": "OK", "fwd_status": "OK", "entries": 101}
{"utc": "2026-09-26T03:24:29.859492+00:00", "event": "candidate_done", "origin": "2024-07-13", "candidate_index": 8, "total": 16, "candidate_id": "AP=54|alpha.condition_threshold=80|coeff=6|novolumedata=False|src_col=close", "is_status": "OK", "fwd_status": "OK", "entries": 93}
{"utc": "2026-09-26T03:25:02.480221+00:00", "event": "candidate_done", "origin": "2024-07-13", "candidate_index": 9, "total": 16, "candidate_id": "AP=58|alpha.condition_threshold=80|coeff=6|novolumedata=False|src_col=close", "is_status": "OK", "fwd_status": "OK", "entries": 80}
{"utc": "2026-09-26T03:25:35.527305+00:00", "event": "candidate_done", "origin": "2024-07-13", "candidate_index": 10, "total": 16, "candidate_id": "AP=52|alpha.condition_threshold=80|coeff=7|novolumedata=False|src_col=close", "is_status": "OK", "fwd_status": "OK", "entries": 92}
{"utc": "2026-09-26T03:26:08.835896+00:00", "event": "candidate_done", "origin": "2024-07-13", "candidate_index": 11, "total": 16, "candidate_id": "AP=42|alpha.condition_threshold=80|coeff=8|novolumedata=False|src_col=close", "is_status": "OK", "fwd_status": "OK", "entries": 102}
{"utc": "2026-09-26T03:26:42.438126+00:00", "event": "candidate_done", "origin": "2024-07-13", "candidate_index": 12, "total": 16, "candidate_id": "AP=34|alpha.condition_threshold=80|coeff=7|novolumedata=False|src_col=close", "is_status": "OK", "fwd_status": "OK", "entries": 145}
{"utc": "2026-09-26T03:27:14.186740+00:00", "event": "candidate_done", "origin": "2024-07-13", "candidate_index": 13, "total": 16, "candidate_id": "AP=55|alpha.condition_threshold=80|coeff=7|novolumedata=False|src_col=close", "is_status": "OK", "fwd_status": "OK", "entries": 87}
{"utc": "2026-09-26T03:27:46.560296+00:00", "event": "candidate_done", "origin": "2024-07-13", "candidate_index": 14, "total": 16, "candidate_id": "AP=49|alpha.condition_threshold=80|coeff=7|novolumedata=False|src_col=close", "is_status": "OK", "fwd_status": "OK", "entries": 99}
{"utc": "2026-09-26T03:28:19.353720+00:00", "event": "candidate_done", "origin": "2024-07-13", "candidate_index": 15, "total": 16, "candidate_id": "AP=48|alpha.condition_threshold=80|coeff=8|novolumedata=False|src_col=close", "is_status": "OK", "fwd_status": "OK", "entries": 91}
{"utc": "2026-09-26T03:28:21.321873+00:00", "event": "jm_fit_done", "origin": "2024-07-13", "status": "OK", "state": 0}
{"utc": "2026-09-26T03:28:21.341733+00:00", "event": "fold_complete", "origin": "2024-07-13", "fold_wall_seconds": 2493.98, "peak_rss_mib_so_far": 1832.0, "winners": {"A_M4": "AP=48|alpha.condition_threshold=80|coeff=7|novolumedata=False|src_col=close", "B_SD_GLOBAL": "AP=48|alpha.condition_threshold=80|coeff=8|novolumedata=False|src_col=close", "JM_C2.0": "AP=58|alpha.condition_threshold=80|coeff=6|novolumedata=False|src_col=close"}, "sha256": "08cb44116bc28c64e69765365fd9290eb7ab675c78455b652a9eb3d011fcd6f3"}
{"utc": "2026-09-26T03:28:21.341958+00:00", "event": "fold_start", "origin": "2024-09-07"}
{"utc": "2026-09-26T04:02:38.004221+00:00", "event": "search_done", "origin": "2024-09-07", "n_trials": 128, "n_unique_candidates": 107, "panel_size": 16, "wall_seconds": 2056.66}
{"utc": "2026-09-26T04:03:09.097974+00:00", "event": "candidate_done", "origin": "2024-09-07", "candidate_index": 0, "total": 16, "candidate_id": "AP=40|alpha.condition_threshold=80|coeff=7|novolumedata=False|src_col=close", "is_status": "OK", "fwd_status": "OK", "entries": 119}
{"utc": "2026-09-26T04:03:40.650440+00:00", "event": "candidate_done", "origin": "2024-09-07", "candidate_index": 1, "total": 16, "candidate_id": "AP=40|alpha.condition_threshold=80|coeff=6|novolumedata=False|src_col=close", "is_status": "OK", "fwd_status": "OK", "entries": 143}
{"utc": "2026-09-26T04:04:13.749992+00:00", "event": "candidate_done", "origin": "2024-09-07", "candidate_index": 2, "total": 16, "candidate_id": "AP=58|alpha.condition_threshold=70|coeff=7|novolumedata=False|src_col=close", "is_status": "OK", "fwd_status": "OK", "entries": 185}
{"utc": "2026-09-26T04:04:47.084122+00:00", "event": "candidate_done", "origin": "2024-09-07", "candidate_index": 3, "total": 16, "candidate_id": "AP=42|alpha.condition_threshold=80|coeff=6|novolumedata=False|src_col=close", "is_status": "OK", "fwd_status": "OK", "entries": 133}
{"utc": "2026-09-26T04:05:20.138711+00:00", "event": "candidate_done", "origin": "2024-09-07", "candidate_index": 4, "total": 16, "candidate_id": "AP=52|alpha.condition_threshold=75|coeff=7|novolumedata=False|src_col=close", "is_status": "OK", "fwd_status": "OK", "entries": 144}
{"utc": "2026-09-26T04:05:52.638361+00:00", "event": "candidate_done", "origin": "2024-09-07", "candidate_index": 5, "total": 16, "candidate_id": "AP=41|alpha.condition_threshold=80|coeff=7|novolumedata=False|src_col=close", "is_status": "OK", "fwd_status": "OK", "entries": 116}
{"utc": "2026-09-26T04:06:25.314177+00:00", "event": "candidate_done", "origin": "2024-09-07", "candidate_index": 6, "total": 16, "candidate_id": "AP=60|alpha.condition_threshold=75|coeff=5|novolumedata=False|src_col=close", "is_status": "OK", "fwd_status": "OK", "entries": 174}
{"utc": "2026-09-26T04:06:57.409982+00:00", "event": "candidate_done", "origin": "2024-09-07", "candidate_index": 7, "total": 16, "candidate_id": "AP=55|alpha.condition_threshold=65|coeff=6|novolumedata=False|src_col=close", "is_status": "OK", "fwd_status": "OK", "entries": 293}
{"utc": "2026-09-26T04:07:30.126403+00:00", "event": "candidate_done", "origin": "2024-09-07", "candidate_index": 8, "total": 16, "candidate_id": "AP=55|alpha.condition_threshold=75|coeff=6|novolumedata=False|src_col=close", "is_status": "OK", "fwd_status": "OK", "entries": 163}
{"utc": "2026-09-26T04:08:02.825138+00:00", "event": "candidate_done", "origin": "2024-09-07", "candidate_index": 9, "total": 16, "candidate_id": "AP=58|alpha.condition_threshold=65|coeff=7|novolumedata=False|src_col=close", "is_status": "OK", "fwd_status": "OK", "entries": 223}
{"utc": "2026-09-26T04:08:35.564320+00:00", "event": "candidate_done", "origin": "2024-09-07", "candidate_index": 10, "total": 16, "candidate_id": "AP=59|alpha.condition_threshold=70|coeff=7|novolumedata=False|src_col=close", "is_status": "OK", "fwd_status": "OK", "entries": 186}
{"utc": "2026-09-26T04:09:08.076202+00:00", "event": "candidate_done", "origin": "2024-09-07", "candidate_index": 11, "total": 16, "candidate_id": "AP=55|alpha.condition_threshold=80|coeff=8|novolumedata=False|src_col=close", "is_status": "OK", "fwd_status": "OK", "entries": 73}
{"utc": "2026-09-26T04:09:41.161451+00:00", "event": "candidate_done", "origin": "2024-09-07", "candidate_index": 12, "total": 16, "candidate_id": "AP=57|alpha.condition_threshold=80|coeff=3|novolumedata=False|src_col=close", "is_status": "OK", "fwd_status": "OK", "entries": 111}
{"utc": "2026-09-26T04:10:12.568738+00:00", "event": "candidate_done", "origin": "2024-09-07", "candidate_index": 13, "total": 16, "candidate_id": "AP=44|alpha.condition_threshold=80|coeff=6|novolumedata=False|src_col=close", "is_status": "OK", "fwd_status": "OK", "entries": 129}
{"utc": "2026-09-26T04:10:45.447990+00:00", "event": "candidate_done", "origin": "2024-09-07", "candidate_index": 14, "total": 16, "candidate_id": "AP=35|alpha.condition_threshold=80|coeff=6|novolumedata=False|src_col=close", "is_status": "OK", "fwd_status": "OK", "entries": 173}
{"utc": "2026-09-26T04:11:18.436512+00:00", "event": "candidate_done", "origin": "2024-09-07", "candidate_index": 15, "total": 16, "candidate_id": "AP=57|alpha.condition_threshold=70|coeff=7|novolumedata=False|src_col=close", "is_status": "OK", "fwd_status": "OK", "entries": 191}
{"utc": "2026-09-26T04:11:20.400050+00:00", "event": "jm_fit_done", "origin": "2024-09-07", "status": "OK", "state": 0}
{"utc": "2026-09-26T04:11:20.423783+00:00", "event": "fold_complete", "origin": "2024-09-07", "fold_wall_seconds": 2579.08, "peak_rss_mib_so_far": 1832.0, "winners": {"A_M4": "AP=41|alpha.condition_threshold=80|coeff=7|novolumedata=False|src_col=close", "B_SD_GLOBAL": "AP=55|alpha.condition_threshold=80|coeff=8|novolumedata=False|src_col=close", "JM_C2.0": "AP=55|alpha.condition_threshold=80|coeff=8|novolumedata=False|src_col=close"}, "sha256": "07de7728baaa99706f119355ff9b56828df415f8143ff50f1040ef50df14b1f4"}
{"utc": "2026-09-26T04:11:20.424017+00:00", "event": "fold_start", "origin": "2024-11-02"}
{"utc": "2026-09-26T04:40:52.406660+00:00", "event": "search_done", "origin": "2024-11-02", "n_trials": 128, "n_unique_candidates": 91, "panel_size": 16, "wall_seconds": 1771.98}
{"utc": "2026-09-26T04:41:24.758815+00:00", "event": "candidate_done", "origin": "2024-11-02", "candidate_index": 0, "total": 16, "candidate_id": "AP=42|alpha.condition_threshold=80|coeff=8|novolumedata=False|src_col=close", "is_status": "OK", "fwd_status": "OK", "entries": 104}
{"utc": "2026-09-26T04:41:57.057566+00:00", "event": "candidate_done", "origin": "2024-11-02", "candidate_index": 1, "total": 16, "candidate_id": "AP=49|alpha.condition_threshold=80|coeff=7|novolumedata=False|src_col=close", "is_status": "OK", "fwd_status": "OK", "entries": 102}
{"utc": "2026-09-26T04:42:29.358431+00:00", "event": "candidate_done", "origin": "2024-11-02", "candidate_index": 2, "total": 16, "candidate_id": "AP=54|alpha.condition_threshold=80|coeff=8|novolumedata=False|src_col=close", "is_status": "OK", "fwd_status": "OK", "entries": 81}
{"utc": "2026-09-26T04:43:01.265618+00:00", "event": "candidate_done", "origin": "2024-11-02", "candidate_index": 3, "total": 16, "candidate_id": "AP=49|alpha.condition_threshold=80|coeff=8|novolumedata=False|src_col=close", "is_status": "OK", "fwd_status": "OK", "entries": 90}
{"utc": "2026-09-26T04:43:32.423118+00:00", "event": "candidate_done", "origin": "2024-11-02", "candidate_index": 4, "total": 16, "candidate_id": "AP=52|alpha.condition_threshold=80|coeff=8|novolumedata=False|src_col=close", "is_status": "OK", "fwd_status": "OK", "entries": 87}
{"utc": "2026-09-26T04:44:04.314749+00:00", "event": "candidate_done", "origin": "2024-11-02", "candidate_index": 5, "total": 16, "candidate_id": "AP=48|alpha.condition_threshold=80|coeff=7|novolumedata=False|src_col=close", "is_status": "OK", "fwd_status": "OK", "entries": 106}
{"utc": "2026-09-26T04:44:37.675877+00:00", "event": "candidate_done", "origin": "2024-11-02", "candidate_index": 6, "total": 16, "candidate_id": "AP=48|alpha.condition_threshold=80|coeff=8|novolumedata=False|src_col=close", "is_status": "OK", "fwd_status": "OK", "entries": 92}
{"utc": "2026-09-26T04:45:09.279941+00:00", "event": "candidate_done", "origin": "2024-11-02", "candidate_index": 7, "total": 16, "candidate_id": "AP=43|alpha.condition_threshold=80|coeff=8|novolumedata=False|src_col=close", "is_status": "OK", "fwd_status": "OK", "entries": 102}
{"utc": "2026-09-26T04:45:41.466638+00:00", "event": "candidate_done", "origin": "2024-11-02", "candidate_index": 8, "total": 16, "candidate_id": "AP=47|alpha.condition_threshold=80|coeff=7|novolumedata=False|src_col=close", "is_status": "OK", "fwd_status": "OK", "entries": 111}
{"utc": "2026-09-26T04:46:16.061306+00:00", "event": "candidate_done", "origin": "2024-11-02", "candidate_index": 9, "total": 16, "candidate_id": "AP=45|alpha.condition_threshold=80|coeff=8|novolumedata=False|src_col=close", "is_status": "OK", "fwd_status": "OK", "entries": 101}
{"utc": "2026-09-26T04:46:47.929095+00:00", "event": "candidate_done", "origin": "2024-11-02", "candidate_index": 10, "total": 16, "candidate_id": "AP=46|alpha.condition_threshold=80|coeff=7|novolumedata=False|src_col=close", "is_status": "OK", "fwd_status": "OK", "entries": 114}
{"utc": "2026-09-26T04:47:19.734947+00:00", "event": "candidate_done", "origin": "2024-11-02", "candidate_index": 11, "total": 16, "candidate_id": "AP=51|alpha.condition_threshold=80|coeff=8|novolumedata=False|src_col=close", "is_status": "OK", "fwd_status": "OK", "entries": 91}
{"utc": "2026-09-26T04:47:52.228871+00:00", "event": "candidate_done", "origin": "2024-11-02", "candidate_index": 12, "total": 16, "candidate_id": "AP=47|alpha.condition_threshold=80|coeff=8|novolumedata=False|src_col=close", "is_status": "OK", "fwd_status": "OK", "entries": 98}
{"utc": "2026-09-26T04:48:25.188551+00:00", "event": "candidate_done", "origin": "2024-11-02", "candidate_index": 13, "total": 16, "candidate_id": "AP=53|alpha.condition_threshold=80|coeff=8|novolumedata=False|src_col=close", "is_status": "OK", "fwd_status": "OK", "entries": 85}
{"utc": "2026-09-26T04:48:57.063663+00:00", "event": "candidate_done", "origin": "2024-11-02", "candidate_index": 14, "total": 16, "candidate_id": "AP=50|alpha.condition_threshold=80|coeff=8|novolumedata=False|src_col=close", "is_status": "OK", "fwd_status": "OK", "entries": 94}
{"utc": "2026-09-26T04:49:29.307294+00:00", "event": "candidate_done", "origin": "2024-11-02", "candidate_index": 15, "total": 16, "candidate_id": "AP=46|alpha.condition_threshold=80|coeff=8|novolumedata=False|src_col=close", "is_status": "OK", "fwd_status": "OK", "entries": 100}
{"utc": "2026-09-26T04:49:31.197678+00:00", "event": "jm_fit_done", "origin": "2024-11-02", "status": "OK", "state": 0}
{"utc": "2026-09-26T04:49:31.219109+00:00", "event": "fold_complete", "origin": "2024-11-02", "fold_wall_seconds": 2290.79, "peak_rss_mib_so_far": 1832.0, "winners": {"A_M4": "AP=48|alpha.condition_threshold=80|coeff=8|novolumedata=False|src_col=close", "B_SD_GLOBAL": "AP=54|alpha.condition_threshold=80|coeff=8|novolumedata=False|src_col=close", "JM_C2.0": "AP=53|alpha.condition_threshold=80|coeff=8|novolumedata=False|src_col=close"}, "sha256": "366319a7c908d72250a22022cacaf4ac4e1f2180722f6cc270ad1afd780ba675"}
{"utc": "2026-09-26T04:49:31.219533+00:00", "event": "fold_start", "origin": "2024-12-28"}
{"utc": "2026-09-26T05:22:03.471239+00:00", "event": "search_done", "origin": "2024-12-28", "n_trials": 128, "n_unique_candidates": 102, "panel_size": 16, "wall_seconds": 1952.25}
{"utc": "2026-09-26T05:22:36.409711+00:00", "event": "candidate_done", "origin": "2024-12-28", "candidate_index": 0, "total": 16, "candidate_id": "AP=55|alpha.condition_threshold=80|coeff=7|novolumedata=False|src_col=close", "is_status": "OK", "fwd_status": "OK", "entries": 74}
{"utc": "2026-09-26T05:23:07.912199+00:00", "event": "candidate_done", "origin": "2024-12-28", "candidate_index": 1, "total": 16, "candidate_id": "AP=60|alpha.condition_threshold=75|coeff=6|novolumedata=False|src_col=close", "is_status": "OK", "fwd_status": "OK", "entries": 155}
{"utc": "2026-09-26T05:23:41.048781+00:00", "event": "candidate_done", "origin": "2024-12-28", "candidate_index": 2, "total": 16, "candidate_id": "AP=60|alpha.condition_threshold=75|coeff=5|novolumedata=False|src_col=close", "is_status": "OK", "fwd_status": "OK", "entries": 181}
{"utc": "2026-09-26T05:24:14.132401+00:00", "event": "candidate_done", "origin": "2024-12-28", "candidate_index": 3, "total": 16, "candidate_id": "AP=59|alpha.condition_threshold=75|coeff=7|novolumedata=False|src_col=close", "is_status": "OK", "fwd_status": "OK", "entries": 135}
{"utc": "2026-09-26T05:24:47.334533+00:00", "event": "candidate_done", "origin": "2024-12-28", "candidate_index": 4, "total": 16, "candidate_id": "AP=54|alpha.condition_threshold=80|coeff=7|novolumedata=False|src_col=close", "is_status": "OK", "fwd_status": "OK", "entries": 75}
{"utc": "2026-09-26T05:25:23.112706+00:00", "event": "candidate_done", "origin": "2024-12-28", "candidate_index": 5, "total": 16, "candidate_id": "AP=55|alpha.condition_threshold=80|coeff=6|novolumedata=False|src_col=close", "is_status": "OK", "fwd_status": "OK", "entries": 91}
{"utc": "2026-09-26T05:26:04.738332+00:00", "event": "candidate_done", "origin": "2024-12-28", "candidate_index": 6, "total": 16, "candidate_id": "AP=54|alpha.condition_threshold=80|coeff=6|novolumedata=False|src_col=close", "is_status": "OK", "fwd_status": "OK", "entries": 91}
{"utc": "2026-09-26T05:26:44.494055+00:00", "event": "candidate_done", "origin": "2024-12-28", "candidate_index": 7, "total": 16, "candidate_id": "AP=57|alpha.condition_threshold=75|coeff=7|novolumedata=False|src_col=close", "is_status": "OK", "fwd_status": "OK", "entries": 142}
{"utc": "2026-09-26T05:27:24.281837+00:00", "event": "candidate_done", "origin": "2024-12-28", "candidate_index": 8, "total": 16, "candidate_id": "AP=56|alpha.condition_threshold=80|coeff=6|novolumedata=False|src_col=close", "is_status": "OK", "fwd_status": "OK", "entries": 89}
{"utc": "2026-09-26T05:28:06.210608+00:00", "event": "candidate_done", "origin": "2024-12-28", "candidate_index": 9, "total": 16, "candidate_id": "AP=49|alpha.condition_threshold=80|coeff=5|novolumedata=False|src_col=close", "is_status": "OK", "fwd_status": "OK", "entries": 127}
{"utc": "2026-09-26T05:28:41.025980+00:00", "event": "candidate_done", "origin": "2024-12-28", "candidate_index": 10, "total": 16, "candidate_id": "AP=59|alpha.condition_threshold=75|coeff=6|novolumedata=False|src_col=close", "is_status": "OK", "fwd_status": "OK", "entries": 164}
{"utc": "2026-09-26T05:29:12.985530+00:00", "event": "candidate_done", "origin": "2024-12-28", "candidate_index": 11, "total": 16, "candidate_id": "AP=54|alpha.condition_threshold=75|coeff=7|novolumedata=False|src_col=close", "is_status": "OK", "fwd_status": "OK", "entries": 150}
{"utc": "2026-09-26T05:29:46.083849+00:00", "event": "candidate_done", "origin": "2024-12-28", "candidate_index": 12, "total": 16, "candidate_id": "AP=52|alpha.condition_threshold=80|coeff=5|novolumedata=False|src_col=close", "is_status": "OK", "fwd_status": "OK", "entries": 118}
{"utc": "2026-09-26T05:30:19.107640+00:00", "event": "candidate_done", "origin": "2024-12-28", "candidate_index": 13, "total": 16, "candidate_id": "AP=58|alpha.condition_threshold=80|coeff=6|novolumedata=False|src_col=close", "is_status": "OK", "fwd_status": "OK", "entries": 85}
{"utc": "2026-09-26T05:30:52.436168+00:00", "event": "candidate_done", "origin": "2024-12-28", "candidate_index": 14, "total": 16, "candidate_id": "AP=55|alpha.condition_threshold=75|coeff=6|novolumedata=False|src_col=close", "is_status": "OK", "fwd_status": "OK", "entries": 178}
{"utc": "2026-09-26T05:31:25.848026+00:00", "event": "candidate_done", "origin": "2024-12-28", "candidate_index": 15, "total": 16, "candidate_id": "AP=57|alpha.condition_threshold=80|coeff=7|novolumedata=False|src_col=close", "is_status": "OK", "fwd_status": "OK", "entries": 74}
{"utc": "2026-09-26T05:31:28.731155+00:00", "event": "jm_fit_done", "origin": "2024-12-28", "status": "OK", "state": 0}
{"utc": "2026-09-26T05:31:28.753226+00:00", "event": "fold_complete", "origin": "2024-12-28", "fold_wall_seconds": 2517.53, "peak_rss_mib_so_far": 1832.0, "winners": {"A_M4": "AP=56|alpha.condition_threshold=80|coeff=6|novolumedata=False|src_col=close", "B_SD_GLOBAL": "AP=57|alpha.condition_threshold=80|coeff=7|novolumedata=False|src_col=close", "JM_C2.0": "AP=57|alpha.condition_threshold=80|coeff=7|novolumedata=False|src_col=close"}, "sha256": "81b4f205ce629eaf38c5033e7f424cf9d61d891e32457b14b5665f900818fd55"}
{"utc": "2026-09-26T05:31:28.753648+00:00", "event": "fold_start", "origin": "2025-02-22"}
{"utc": "2026-09-26T06:04:21.296277+00:00", "event": "search_done", "origin": "2025-02-22", "n_trials": 128, "n_unique_candidates": 97, "panel_size": 16, "wall_seconds": 1972.54}
{"utc": "2026-09-26T06:04:54.050255+00:00", "event": "candidate_done", "origin": "2025-02-22", "candidate_index": 0, "total": 16, "candidate_id": "AP=60|alpha.condition_threshold=30|coeff=8|novolumedata=False|src_col=close", "is_status": "OK", "fwd_status": "OK", "entries": 158}
{"utc": "2026-09-26T06:05:27.123711+00:00", "event": "candidate_done", "origin": "2025-02-22", "candidate_index": 1, "total": 16, "candidate_id": "AP=59|alpha.condition_threshold=30|coeff=8|novolumedata=False|src_col=close", "is_status": "OK", "fwd_status": "OK", "entries": 160}
{"utc": "2026-09-26T06:06:00.310395+00:00", "event": "candidate_done", "origin": "2025-02-22", "candidate_index": 2, "total": 16, "candidate_id": "AP=57|alpha.condition_threshold=30|coeff=8|novolumedata=False|src_col=close", "is_status": "OK", "fwd_status": "OK", "entries": 162}
{"utc": "2026-09-26T06:06:33.060717+00:00", "event": "candidate_done", "origin": "2025-02-22", "candidate_index": 3, "total": 16, "candidate_id": "AP=58|alpha.condition_threshold=30|coeff=8|novolumedata=False|src_col=close", "is_status": "OK", "fwd_status": "OK", "entries": 162}
{"utc": "2026-09-26T06:07:06.211957+00:00", "event": "candidate_done", "origin": "2025-02-22", "candidate_index": 4, "total": 16, "candidate_id": "AP=56|alpha.condition_threshold=30|coeff=8|novolumedata=False|src_col=close", "is_status": "OK", "fwd_status": "OK", "entries": 163}
{"utc": "2026-09-26T06:07:39.206532+00:00", "event": "candidate_done", "origin": "2025-02-22", "candidate_index": 5, "total": 16, "candidate_id": "AP=55|alpha.condition_threshold=30|coeff=8|novolumedata=False|src_col=close", "is_status": "OK", "fwd_status": "OK", "entries": 167}
{"utc": "2026-09-26T06:08:11.565494+00:00", "event": "candidate_done", "origin": "2025-02-22", "candidate_index": 6, "total": 16, "candidate_id": "AP=54|alpha.condition_threshold=30|coeff=8|novolumedata=False|src_col=close", "is_status": "OK", "fwd_status": "OK", "entries": 169}
{"utc": "2026-09-26T06:08:50.637125+00:00", "event": "candidate_done", "origin": "2025-02-22", "candidate_index": 7, "total": 16, "candidate_id": "AP=24|alpha.condition_threshold=30|coeff=8|novolumedata=False|src_col=close", "is_status": "OK", "fwd_status": "OK", "entries": 192}
{"utc": "2026-09-26T06:09:32.734197+00:00", "event": "candidate_done", "origin": "2025-02-22", "candidate_index": 8, "total": 16, "candidate_id": "AP=16|alpha.condition_threshold=30|coeff=8|novolumedata=False|src_col=close", "is_status": "OK", "fwd_status": "OK", "entries": 199}
{"utc": "2026-09-26T06:10:16.107622+00:00", "event": "candidate_done", "origin": "2025-02-22", "candidate_index": 9, "total": 16, "candidate_id": "AP=38|alpha.condition_threshold=30|coeff=7|novolumedata=False|src_col=close", "is_status": "OK", "fwd_status": "OK", "entries": 232}
{"utc": "2026-09-26T06:10:59.420574+00:00", "event": "candidate_done", "origin": "2025-02-22", "candidate_index": 10, "total": 16, "candidate_id": "AP=29|alpha.condition_threshold=30|coeff=8|novolumedata=False|src_col=close", "is_status": "OK", "fwd_status": "OK", "entries": 191}
{"utc": "2026-09-26T06:11:41.947250+00:00", "event": "candidate_done", "origin": "2025-02-22", "candidate_index": 11, "total": 16, "candidate_id": "AP=30|alpha.condition_threshold=30|coeff=8|novolumedata=False|src_col=close", "is_status": "OK", "fwd_status": "OK", "entries": 190}
{"utc": "2026-09-26T06:12:16.906630+00:00", "event": "candidate_done", "origin": "2025-02-22", "candidate_index": 12, "total": 16, "candidate_id": "AP=25|alpha.condition_threshold=30|coeff=8|novolumedata=False|src_col=close", "is_status": "OK", "fwd_status": "OK", "entries": 191}
{"utc": "2026-09-26T06:12:49.603460+00:00", "event": "candidate_done", "origin": "2025-02-22", "candidate_index": 13, "total": 16, "candidate_id": "AP=21|alpha.condition_threshold=30|coeff=8|novolumedata=False|src_col=close", "is_status": "OK", "fwd_status": "OK", "entries": 195}
{"utc": "2026-09-26T06:13:22.513139+00:00", "event": "candidate_done", "origin": "2025-02-22", "candidate_index": 14, "total": 16, "candidate_id": "AP=57|alpha.condition_threshold=30|coeff=7|novolumedata=False|src_col=close", "is_status": "OK", "fwd_status": "OK", "entries": 203}
{"utc": "2026-09-26T06:13:57.046355+00:00", "event": "candidate_done", "origin": "2025-02-22", "candidate_index": 15, "total": 16, "candidate_id": "AP=37|alpha.condition_threshold=30|coeff=7|novolumedata=False|src_col=close", "is_status": "OK", "fwd_status": "OK", "entries": 233}
{"utc": "2026-09-26T06:13:59.040559+00:00", "event": "jm_fit_done", "origin": "2025-02-22", "status": "OK", "state": 0}
{"utc": "2026-09-26T06:13:59.061985+00:00", "event": "fold_complete", "origin": "2025-02-22", "fold_wall_seconds": 2550.31, "peak_rss_mib_so_far": 1832.0, "winners": {"A_M4": "AP=57|alpha.condition_threshold=30|coeff=8|novolumedata=False|src_col=close", "B_SD_GLOBAL": "AP=58|alpha.condition_threshold=30|coeff=8|novolumedata=False|src_col=close", "JM_C2.0": "AP=58|alpha.condition_threshold=30|coeff=8|novolumedata=False|src_col=close"}, "sha256": "b460159b01f1d5f011bfe4c0c4c765d37d3981d9c883e4e75845cd8d5f96f816"}
{"utc": "2026-09-26T06:13:59.062183+00:00", "event": "fold_start", "origin": "2025-04-19"}
{"utc": "2026-09-26T06:50:04.090606+00:00", "event": "search_done", "origin": "2025-04-19", "n_trials": 128, "n_unique_candidates": 106, "panel_size": 16, "wall_seconds": 2165.03}
{"utc": "2026-09-26T06:50:37.822345+00:00", "event": "candidate_done", "origin": "2025-04-19", "candidate_index": 0, "total": 16, "candidate_id": "AP=28|alpha.condition_threshold=40|coeff=8|novolumedata=False|src_col=close", "is_status": "OK", "fwd_status": "OK", "entries": 208}
{"utc": "2026-09-26T06:51:12.076717+00:00", "event": "candidate_done", "origin": "2025-04-19", "candidate_index": 1, "total": 16, "candidate_id": "AP=27|alpha.condition_threshold=40|coeff=8|novolumedata=False|src_col=close", "is_status": "OK", "fwd_status": "OK", "entries": 209}
{"utc": "2026-09-26T06:51:49.828771+00:00", "event": "candidate_done", "origin": "2025-04-19", "candidate_index": 2, "total": 16, "candidate_id": "AP=25|alpha.condition_threshold=45|coeff=8|novolumedata=False|src_col=close", "is_status": "OK", "fwd_status": "OK", "entries": 210}
{"utc": "2026-09-26T06:52:21.609179+00:00", "event": "candidate_done", "origin": "2025-04-19", "candidate_index": 3, "total": 16, "candidate_id": "AP=34|alpha.condition_threshold=40|coeff=8|novolumedata=False|src_col=close", "is_status": "OK", "fwd_status": "OK", "entries": 213}
{"utc": "2026-09-26T06:52:56.265421+00:00", "event": "candidate_done", "origin": "2025-04-19", "candidate_index": 4, "total": 16, "candidate_id": "AP=18|alpha.condition_threshold=35|coeff=8|novolumedata=False|src_col=close", "is_status": "OK", "fwd_status": "OK", "entries": 206}
{"utc": "2026-09-26T06:53:28.528425+00:00", "event": "candidate_done", "origin": "2025-04-19", "candidate_index": 5, "total": 16, "candidate_id": "AP=35|alpha.condition_threshold=40|coeff=8|novolumedata=False|src_col=close", "is_status": "OK", "fwd_status": "OK", "entries": 213}
{"utc": "2026-09-26T06:54:01.289843+00:00", "event": "candidate_done", "origin": "2025-04-19", "candidate_index": 6, "total": 16, "candidate_id": "AP=16|alpha.condition_threshold=30|coeff=8|novolumedata=False|src_col=close", "is_status": "OK", "fwd_status": "OK", "entries": 200}
{"utc": "2026-09-26T06:54:40.494334+00:00", "event": "candidate_done", "origin": "2025-04-19", "candidate_index": 7, "total": 16, "candidate_id": "AP=25|alpha.condition_threshold=30|coeff=8|novolumedata=False|src_col=close", "is_status": "OK", "fwd_status": "OK", "entries": 196}
{"utc": "2026-09-26T06:55:13.183685+00:00", "event": "candidate_done", "origin": "2025-04-19", "candidate_index": 8, "total": 16, "candidate_id": "AP=27|alpha.condition_threshold=55|coeff=8|novolumedata=False|src_col=close", "is_status": "OK", "fwd_status": "OK", "entries": 212}
{"utc": "2026-09-26T06:55:45.224355+00:00", "event": "candidate_done", "origin": "2025-04-19", "candidate_index": 9, "total": 16, "candidate_id": "AP=28|alpha.condition_threshold=45|coeff=8|novolumedata=False|src_col=close", "is_status": "OK", "fwd_status": "OK", "entries": 210}
{"utc": "2026-09-26T06:56:18.285406+00:00", "event": "candidate_done", "origin": "2025-04-19", "candidate_index": 10, "total": 16, "candidate_id": "AP=26|alpha.condition_threshold=30|coeff=8|novolumedata=False|src_col=close", "is_status": "OK", "fwd_status": "OK", "entries": 198}
{"utc": "2026-09-26T06:56:52.008381+00:00", "event": "candidate_done", "origin": "2025-04-19", "candidate_index": 11, "total": 16, "candidate_id": "AP=21|alpha.condition_threshold=30|coeff=8|novolumedata=False|src_col=close", "is_status": "OK", "fwd_status": "OK", "entries": 197}
{"utc": "2026-09-26T06:57:24.902726+00:00", "event": "candidate_done", "origin": "2025-04-19", "candidate_index": 12, "total": 16, "candidate_id": "AP=26|alpha.condition_threshold=40|coeff=8|novolumedata=False|src_col=close", "is_status": "OK", "fwd_status": "OK", "entries": 210}
{"utc": "2026-09-26T06:58:13.195080+00:00", "event": "candidate_done", "origin": "2025-04-19", "candidate_index": 13, "total": 16, "candidate_id": "AP=33|alpha.condition_threshold=40|coeff=8|novolumedata=False|src_col=close", "is_status": "OK", "fwd_status": "OK", "entries": 214}
{"utc": "2026-09-26T06:58:56.405804+00:00", "event": "candidate_done", "origin": "2025-04-19", "candidate_index": 14, "total": 16, "candidate_id": "AP=25|alpha.condition_threshold=35|coeff=8|novolumedata=False|src_col=close", "is_status": "OK", "fwd_status": "OK", "entries": 205}
{"utc": "2026-09-26T06:59:35.617369+00:00", "event": "candidate_done", "origin": "2025-04-19", "candidate_index": 15, "total": 16, "candidate_id": "AP=27|alpha.condition_threshold=45|coeff=8|novolumedata=False|src_col=close", "is_status": "OK", "fwd_status": "OK", "entries": 211}
{"utc": "2026-09-26T06:59:37.529414+00:00", "event": "jm_fit_done", "origin": "2025-04-19", "status": "OK", "state": 0}
{"utc": "2026-09-26T06:59:37.553083+00:00", "event": "fold_complete", "origin": "2025-04-19", "fold_wall_seconds": 2738.49, "peak_rss_mib_so_far": 1832.0, "winners": {"A_M4": "AP=28|alpha.condition_threshold=40|coeff=8|novolumedata=False|src_col=close", "B_SD_GLOBAL": "AP=25|alpha.condition_threshold=30|coeff=8|novolumedata=False|src_col=close", "JM_C2.0": "AP=25|alpha.condition_threshold=30|coeff=8|novolumedata=False|src_col=close"}, "sha256": "40d658730fdd65cec04467582ac90edc9fdf8f04510aaa87732d816c1cad7995"}
{"utc": "2026-09-26T06:59:37.553340+00:00", "event": "fold_start", "origin": "2025-06-14"}
{"utc": "2026-09-26T07:36:37.544964+00:00", "event": "search_done", "origin": "2025-06-14", "n_trials": 128, "n_unique_candidates": 109, "panel_size": 16, "wall_seconds": 2219.99}
{"utc": "2026-09-26T07:37:10.495766+00:00", "event": "candidate_done", "origin": "2025-06-14", "candidate_index": 0, "total": 16, "candidate_id": "AP=48|alpha.condition_threshold=30|coeff=7|novolumedata=False|src_col=close", "is_status": "OK", "fwd_status": "OK", "entries": 227}
{"utc": "2026-09-26T07:37:43.429443+00:00", "event": "candidate_done", "origin": "2025-06-14", "candidate_index": 1, "total": 16, "candidate_id": "AP=50|alpha.condition_threshold=45|coeff=8|novolumedata=False|src_col=close", "is_status": "OK", "fwd_status": "OK", "entries": 224}
{"utc": "2026-09-26T07:38:16.573160+00:00", "event": "candidate_done", "origin": "2025-06-14", "candidate_index": 2, "total": 16, "candidate_id": "AP=56|alpha.condition_threshold=40|coeff=8|novolumedata=False|src_col=close", "is_status": "OK", "fwd_status": "OK", "entries": 222}
{"utc": "2026-09-26T07:38:53.860220+00:00", "event": "candidate_done", "origin": "2025-06-14", "candidate_index": 3, "total": 16, "candidate_id": "AP=54|alpha.condition_threshold=65|coeff=8|novolumedata=False|src_col=close", "is_status": "OK", "fwd_status": "OK", "entries": 204}
{"utc": "2026-09-26T07:39:37.311962+00:00", "event": "candidate_done", "origin": "2025-06-14", "candidate_index": 4, "total": 16, "candidate_id": "AP=54|alpha.condition_threshold=35|coeff=8|novolumedata=False|src_col=close", "is_status": "OK", "fwd_status": "OK", "entries": 210}
{"utc": "2026-09-26T07:40:20.058854+00:00", "event": "candidate_done", "origin": "2025-06-14", "candidate_index": 5, "total": 16, "candidate_id": "AP=58|alpha.condition_threshold=35|coeff=8|novolumedata=False|src_col=close", "is_status": "OK", "fwd_status": "OK", "entries": 208}
{"utc": "2026-09-26T07:41:00.298458+00:00", "event": "candidate_done", "origin": "2025-06-14", "candidate_index": 6, "total": 16, "candidate_id": "AP=55|alpha.condition_threshold=35|coeff=8|novolumedata=False|src_col=close", "is_status": "OK", "fwd_status": "OK", "entries": 210}
{"utc": "2026-09-26T07:41:33.509799+00:00", "event": "candidate_done", "origin": "2025-06-14", "candidate_index": 7, "total": 16, "candidate_id": "AP=52|alpha.condition_threshold=40|coeff=8|novolumedata=False|src_col=close", "is_status": "OK", "fwd_status": "OK", "entries": 222}
{"utc": "2026-09-26T07:42:06.213781+00:00", "event": "candidate_done", "origin": "2025-06-14", "candidate_index": 8, "total": 16, "candidate_id": "AP=54|alpha.condition_threshold=40|coeff=8|novolumedata=False|src_col=close", "is_status": "OK", "fwd_status": "OK", "entries": 222}
{"utc": "2026-09-26T07:42:38.316467+00:00", "event": "candidate_done", "origin": "2025-06-14", "candidate_index": 9, "total": 16, "candidate_id": "AP=52|alpha.condition_threshold=65|coeff=8|novolumedata=False|src_col=close", "is_status": "OK", "fwd_status": "OK", "entries": 208}
{"utc": "2026-09-26T07:43:11.865376+00:00", "event": "candidate_done", "origin": "2025-06-14", "candidate_index": 10, "total": 16, "candidate_id": "AP=53|alpha.condition_threshold=35|coeff=8|novolumedata=False|src_col=close", "is_status": "OK", "fwd_status": "OK", "entries": 211}
{"utc": "2026-09-26T07:43:44.926664+00:00", "event": "candidate_done", "origin": "2025-06-14", "candidate_index": 11, "total": 16, "candidate_id": "AP=50|alpha.condition_threshold=40|coeff=8|novolumedata=False|src_col=close", "is_status": "OK", "fwd_status": "OK", "entries": 221}
{"utc": "2026-09-26T07:44:17.873145+00:00", "event": "candidate_done", "origin": "2025-06-14", "candidate_index": 12, "total": 16, "candidate_id": "AP=52|alpha.condition_threshold=45|coeff=8|novolumedata=False|src_col=close", "is_status": "OK", "fwd_status": "OK", "entries": 224}
{"utc": "2026-09-26T07:45:03.683736+00:00", "event": "candidate_done", "origin": "2025-06-14", "candidate_index": 13, "total": 16, "candidate_id": "AP=53|alpha.condition_threshold=40|coeff=8|novolumedata=False|src_col=close", "is_status": "OK", "fwd_status": "OK", "entries": 222}
{"utc": "2026-09-26T07:45:44.904438+00:00", "event": "candidate_done", "origin": "2025-06-14", "candidate_index": 14, "total": 16, "candidate_id": "AP=54|alpha.condition_threshold=45|coeff=8|novolumedata=False|src_col=close", "is_status": "OK", "fwd_status": "OK", "entries": 224}
{"utc": "2026-09-26T07:46:28.869432+00:00", "event": "candidate_done", "origin": "2025-06-14", "candidate_index": 15, "total": 16, "candidate_id": "AP=56|alpha.condition_threshold=35|coeff=8|novolumedata=False|src_col=close", "is_status": "OK", "fwd_status": "OK", "entries": 211}
{"utc": "2026-09-26T07:46:31.359534+00:00", "event": "jm_fit_done", "origin": "2025-06-14", "status": "OK", "state": 1}
{"utc": "2026-09-26T07:46:31.393332+00:00", "event": "fold_complete", "origin": "2025-06-14", "fold_wall_seconds": 2813.84, "peak_rss_mib_so_far": 1832.0, "winners": {"A_M4": "AP=54|alpha.condition_threshold=40|coeff=8|novolumedata=False|src_col=close", "B_SD_GLOBAL": "AP=54|alpha.condition_threshold=65|coeff=8|novolumedata=False|src_col=close", "JM_C2.0": "AP=54|alpha.condition_threshold=65|coeff=8|novolumedata=False|src_col=close"}, "sha256": "6759e5877b099bc7ba2bccd24e567eda21e8bcd38ff9c272e0eefa39c8322043"}
{"utc": "2026-09-26T07:46:31.393573+00:00", "event": "fold_start", "origin": "2025-08-09"}
{"utc": "2026-09-26T08:21:28.356146+00:00", "event": "search_done", "origin": "2025-08-09", "n_trials": 128, "n_unique_candidates": 106, "panel_size": 16, "wall_seconds": 2096.96}
{"utc": "2026-09-26T08:22:01.467540+00:00", "event": "candidate_done", "origin": "2025-08-09", "candidate_index": 0, "total": 16, "candidate_id": "AP=42|alpha.condition_threshold=75|coeff=8|novolumedata=False|src_col=close", "is_status": "OK", "fwd_status": "OK", "entries": 171}
{"utc": "2026-09-26T08:22:34.417066+00:00", "event": "candidate_done", "origin": "2025-08-09", "candidate_index": 1, "total": 16, "candidate_id": "AP=48|alpha.condition_threshold=70|coeff=8|novolumedata=False|src_col=close", "is_status": "OK", "fwd_status": "OK", "entries": 210}
{"utc": "2026-09-26T08:23:07.381583+00:00", "event": "candidate_done", "origin": "2025-08-09", "candidate_index": 2, "total": 16, "candidate_id": "AP=44|alpha.condition_threshold=75|coeff=8|novolumedata=False|src_col=close", "is_status": "OK", "fwd_status": "OK", "entries": 169}
{"utc": "2026-09-26T08:23:39.970223+00:00", "event": "candidate_done", "origin": "2025-08-09", "candidate_index": 3, "total": 16, "candidate_id": "AP=41|alpha.condition_threshold=80|coeff=8|novolumedata=False|src_col=close", "is_status": "OK", "fwd_status": "OK", "entries": 122}
{"utc": "2026-09-26T08:24:12.768965+00:00", "event": "candidate_done", "origin": "2025-08-09", "candidate_index": 4, "total": 16, "candidate_id": "AP=45|alpha.condition_threshold=75|coeff=8|novolumedata=False|src_col=close", "is_status": "OK", "fwd_status": "OK", "entries": 167}
{"utc": "2026-09-26T08:24:45.020320+00:00", "event": "candidate_done", "origin": "2025-08-09", "candidate_index": 5, "total": 16, "candidate_id": "AP=42|alpha.condition_threshold=80|coeff=8|novolumedata=False|src_col=close", "is_status": "OK", "fwd_status": "OK", "entries": 121}
{"utc": "2026-09-26T08:25:18.576793+00:00", "event": "candidate_done", "origin": "2025-08-09", "candidate_index": 6, "total": 16, "candidate_id": "AP=41|alpha.condition_threshold=75|coeff=8|novolumedata=False|src_col=close", "is_status": "OK", "fwd_status": "OK", "entries": 178}
{"utc": "2026-09-26T08:25:51.527166+00:00", "event": "candidate_done", "origin": "2025-08-09", "candidate_index": 7, "total": 16, "candidate_id": "AP=51|alpha.condition_threshold=70|coeff=8|novolumedata=False|src_col=close", "is_status": "OK", "fwd_status": "OK", "entries": 205}
{"utc": "2026-09-26T08:26:24.388181+00:00", "event": "candidate_done", "origin": "2025-08-09", "candidate_index": 8, "total": 16, "candidate_id": "AP=46|alpha.condition_threshold=70|coeff=8|novolumedata=False|src_col=close", "is_status": "OK", "fwd_status": "OK", "entries": 216}
{"utc": "2026-09-26T08:26:59.531329+00:00", "event": "candidate_done", "origin": "2025-08-09", "candidate_index": 9, "total": 16, "candidate_id": "AP=50|alpha.condition_threshold=70|coeff=8|novolumedata=False|src_col=close", "is_status": "OK", "fwd_status": "OK", "entries": 204}
{"utc": "2026-09-26T08:27:32.685048+00:00", "event": "candidate_done", "origin": "2025-08-09", "candidate_index": 10, "total": 16, "candidate_id": "AP=44|alpha.condition_threshold=80|coeff=8|novolumedata=False|src_col=close", "is_status": "OK", "fwd_status": "OK", "entries": 111}
{"utc": "2026-09-26T08:28:06.433624+00:00", "event": "candidate_done", "origin": "2025-08-09", "candidate_index": 11, "total": 16, "candidate_id": "AP=47|alpha.condition_threshold=75|coeff=8|novolumedata=False|src_col=close", "is_status": "OK", "fwd_status": "OK", "entries": 164}
{"utc": "2026-09-26T08:28:39.599589+00:00", "event": "candidate_done", "origin": "2025-08-09", "candidate_index": 12, "total": 16, "candidate_id": "AP=43|alpha.condition_threshold=75|coeff=8|novolumedata=False|src_col=close", "is_status": "OK", "fwd_status": "OK", "entries": 175}
{"utc": "2026-09-26T08:29:12.798396+00:00", "event": "candidate_done", "origin": "2025-08-09", "candidate_index": 13, "total": 16, "candidate_id": "AP=55|alpha.condition_threshold=70|coeff=8|novolumedata=False|src_col=close", "is_status": "OK", "fwd_status": "OK", "entries": 198}
{"utc": "2026-09-26T08:29:47.076175+00:00", "event": "candidate_done", "origin": "2025-08-09", "candidate_index": 14, "total": 16, "candidate_id": "AP=41|alpha.condition_threshold=70|coeff=8|novolumedata=False|src_col=close", "is_status": "OK", "fwd_status": "OK", "entries": 220}
{"utc": "2026-09-26T08:30:20.203871+00:00", "event": "candidate_done", "origin": "2025-08-09", "candidate_index": 15, "total": 16, "candidate_id": "AP=52|alpha.condition_threshold=70|coeff=8|novolumedata=False|src_col=close", "is_status": "OK", "fwd_status": "OK", "entries": 207}
{"utc": "2026-09-26T08:30:22.505515+00:00", "event": "jm_fit_done", "origin": "2025-08-09", "status": "OK", "state": 0}
{"utc": "2026-09-26T08:30:22.542585+00:00", "event": "fold_complete", "origin": "2025-08-09", "fold_wall_seconds": 2631.15, "peak_rss_mib_so_far": 1832.0, "winners": {"A_M4": "AP=45|alpha.condition_threshold=75|coeff=8|novolumedata=False|src_col=close", "B_SD_GLOBAL": "AP=44|alpha.condition_threshold=80|coeff=8|novolumedata=False|src_col=close", "JM_C2.0": "AP=44|alpha.condition_threshold=80|coeff=8|novolumedata=False|src_col=close"}, "sha256": "de2d64869444f61f931c158a8f75435094a479369dfab4b0710ec7ba2a09b656"}
{"utc": "2026-09-26T08:30:22.542804+00:00", "event": "fold_start", "origin": "2025-10-04"}
{"utc": "2026-09-26T08:59:52.263339+00:00", "event": "search_done", "origin": "2025-10-04", "n_trials": 128, "n_unique_candidates": 94, "panel_size": 16, "wall_seconds": 1769.72}
{"utc": "2026-09-26T09:00:25.029916+00:00", "event": "candidate_done", "origin": "2025-10-04", "candidate_index": 0, "total": 16, "candidate_id": "AP=60|alpha.condition_threshold=80|coeff=7|novolumedata=False|src_col=close", "is_status": "OK", "fwd_status": "OK", "entries": 78}
{"utc": "2026-09-26T09:00:57.651805+00:00", "event": "candidate_done", "origin": "2025-10-04", "candidate_index": 1, "total": 16, "candidate_id": "AP=58|alpha.condition_threshold=80|coeff=8|novolumedata=False|src_col=close", "is_status": "OK", "fwd_status": "OK", "entries": 77}
{"utc": "2026-09-26T09:01:29.208306+00:00", "event": "candidate_done", "origin": "2025-10-04", "candidate_index": 2, "total": 16, "candidate_id": "AP=59|alpha.condition_threshold=80|coeff=8|novolumedata=False|src_col=close", "is_status": "OK", "fwd_status": "OK", "entries": 76}
{"utc": "2026-09-26T09:02:01.918153+00:00", "event": "candidate_done", "origin": "2025-10-04", "candidate_index": 3, "total": 16, "candidate_id": "AP=54|alpha.condition_threshold=80|coeff=8|novolumedata=False|src_col=close", "is_status": "OK", "fwd_status": "OK", "entries": 92}
{"utc": "2026-09-26T09:02:33.222325+00:00", "event": "candidate_done", "origin": "2025-10-04", "candidate_index": 4, "total": 16, "candidate_id": "AP=58|alpha.condition_threshold=80|coeff=7|novolumedata=False|src_col=close", "is_status": "OK", "fwd_status": "OK", "entries": 81}
{"utc": "2026-09-26T09:03:05.052877+00:00", "event": "candidate_done", "origin": "2025-10-04", "candidate_index": 5, "total": 16, "candidate_id": "AP=50|alpha.condition_threshold=80|coeff=8|novolumedata=False|src_col=close", "is_status": "OK", "fwd_status": "OK", "entries": 95}
{"utc": "2026-09-26T09:03:37.872538+00:00", "event": "candidate_done", "origin": "2025-10-04", "candidate_index": 6, "total": 16, "candidate_id": "AP=59|alpha.condition_threshold=75|coeff=7|novolumedata=False|src_col=close", "is_status": "OK", "fwd_status": "OK", "entries": 161}
{"utc": "2026-09-26T09:04:10.073152+00:00", "event": "candidate_done", "origin": "2025-10-04", "candidate_index": 7, "total": 16, "candidate_id": "AP=57|alpha.condition_threshold=80|coeff=8|novolumedata=False|src_col=close", "is_status": "OK", "fwd_status": "OK", "entries": 81}
{"utc": "2026-09-26T09:04:42.649820+00:00", "event": "candidate_done", "origin": "2025-10-04", "candidate_index": 8, "total": 16, "candidate_id": "AP=38|alpha.condition_threshold=80|coeff=8|novolumedata=False|src_col=close", "is_status": "OK", "fwd_status": "OK", "entries": 144}
{"utc": "2026-09-26T09:05:13.520182+00:00", "event": "candidate_done", "origin": "2025-10-04", "candidate_index": 9, "total": 16, "candidate_id": "AP=53|alpha.condition_threshold=80|coeff=8|novolumedata=False|src_col=close", "is_status": "OK", "fwd_status": "OK", "entries": 92}
{"utc": "2026-09-26T09:05:44.856231+00:00", "event": "candidate_done", "origin": "2025-10-04", "candidate_index": 10, "total": 16, "candidate_id": "AP=53|alpha.condition_threshold=80|coeff=7|novolumedata=False|src_col=close", "is_status": "OK", "fwd_status": "OK", "entries": 99}
{"utc": "2026-09-26T09:06:15.657126+00:00", "event": "candidate_done", "origin": "2025-10-04", "candidate_index": 11, "total": 16, "candidate_id": "AP=54|alpha.condition_threshold=80|coeff=7|novolumedata=False|src_col=close", "is_status": "OK", "fwd_status": "OK", "entries": 99}
{"utc": "2026-09-26T09:06:46.293918+00:00", "event": "candidate_done", "origin": "2025-10-04", "candidate_index": 12, "total": 16, "candidate_id": "AP=49|alpha.condition_threshold=80|coeff=7|novolumedata=False|src_col=close", "is_status": "OK", "fwd_status": "OK", "entries": 114}
{"utc": "2026-09-26T09:07:17.943436+00:00", "event": "candidate_done", "origin": "2025-10-04", "candidate_index": 13, "total": 16, "candidate_id": "AP=48|alpha.condition_threshold=80|coeff=8|novolumedata=False|src_col=close", "is_status": "OK", "fwd_status": "OK", "entries": 107}
{"utc": "2026-09-26T09:07:48.715734+00:00", "event": "candidate_done", "origin": "2025-10-04", "candidate_index": 14, "total": 16, "candidate_id": "AP=50|alpha.condition_threshold=80|coeff=7|novolumedata=False|src_col=close", "is_status": "OK", "fwd_status": "OK", "entries": 107}
{"utc": "2026-09-26T09:08:20.976103+00:00", "event": "candidate_done", "origin": "2025-10-04", "candidate_index": 15, "total": 16, "candidate_id": "AP=53|alpha.condition_threshold=75|coeff=7|novolumedata=False|src_col=close", "is_status": "OK", "fwd_status": "OK", "entries": 185}
{"utc": "2026-09-26T09:08:23.008777+00:00", "event": "jm_fit_done", "origin": "2025-10-04", "status": "OK", "state": 1}
{"utc": "2026-09-26T09:08:23.041453+00:00", "event": "fold_complete", "origin": "2025-10-04", "fold_wall_seconds": 2280.49, "peak_rss_mib_so_far": 1832.0, "winners": {"A_M4": "AP=57|alpha.condition_threshold=80|coeff=8|novolumedata=False|src_col=close", "B_SD_GLOBAL": "AP=59|alpha.condition_threshold=80|coeff=8|novolumedata=False|src_col=close", "JM_C2.0": "AP=59|alpha.condition_threshold=80|coeff=8|novolumedata=False|src_col=close"}, "sha256": "1dc9a51ee31d3e46eb90ffe74318da8a92002983899b1f977015969101b3b33a"}
{"utc": "2026-09-26T09:08:23.041755+00:00", "event": "fold_start", "origin": "2025-11-29"}
{"utc": "2026-09-26T09:36:05.316741+00:00", "event": "search_done", "origin": "2025-11-29", "n_trials": 128, "n_unique_candidates": 90, "panel_size": 16, "wall_seconds": 1662.27}
{"utc": "2026-09-26T09:36:37.913228+00:00", "event": "candidate_done", "origin": "2025-11-29", "candidate_index": 0, "total": 16, "candidate_id": "AP=52|alpha.condition_threshold=80|coeff=8|novolumedata=False|src_col=close", "is_status": "OK", "fwd_status": "OK", "entries": 97}
{"utc": "2026-09-26T09:37:09.723821+00:00", "event": "candidate_done", "origin": "2025-11-29", "candidate_index": 1, "total": 16, "candidate_id": "AP=52|alpha.condition_threshold=75|coeff=8|novolumedata=False|src_col=close", "is_status": "OK", "fwd_status": "OK", "entries": 164}
{"utc": "2026-09-26T09:37:41.528860+00:00", "event": "candidate_done", "origin": "2025-11-29", "candidate_index": 2, "total": 16, "candidate_id": "AP=48|alpha.condition_threshold=75|coeff=8|novolumedata=False|src_col=close", "is_status": "OK", "fwd_status": "OK", "entries": 175}
{"utc": "2026-09-26T09:38:12.806412+00:00", "event": "candidate_done", "origin": "2025-11-29", "candidate_index": 3, "total": 16, "candidate_id": "AP=48|alpha.condition_threshold=80|coeff=8|novolumedata=False|src_col=close", "is_status": "OK", "fwd_status": "OK", "entries": 111}
{"utc": "2026-09-26T09:38:44.436620+00:00", "event": "candidate_done", "origin": "2025-11-29", "candidate_index": 4, "total": 16, "candidate_id": "AP=49|alpha.condition_threshold=75|coeff=8|novolumedata=False|src_col=close", "is_status": "OK", "fwd_status": "OK", "entries": 177}
{"utc": "2026-09-26T09:39:17.103704+00:00", "event": "candidate_done", "origin": "2025-11-29", "candidate_index": 5, "total": 16, "candidate_id": "AP=44|alpha.condition_threshold=75|coeff=8|novolumedata=False|src_col=close", "is_status": "OK", "fwd_status": "OK", "entries": 184}
{"utc": "2026-09-26T09:39:48.706781+00:00", "event": "candidate_done", "origin": "2025-11-29", "candidate_index": 6, "total": 16, "candidate_id": "AP=46|alpha.condition_threshold=75|coeff=8|novolumedata=False|src_col=close", "is_status": "OK", "fwd_status": "OK", "entries": 182}
{"utc": "2026-09-26T09:40:20.230076+00:00", "event": "candidate_done", "origin": "2025-11-29", "candidate_index": 7, "total": 16, "candidate_id": "AP=42|alpha.condition_threshold=75|coeff=8|novolumedata=False|src_col=close", "is_status": "OK", "fwd_status": "OK", "entries": 193}
{"utc": "2026-09-26T09:40:51.447069+00:00", "event": "candidate_done", "origin": "2025-11-29", "candidate_index": 8, "total": 16, "candidate_id": "AP=45|alpha.condition_threshold=75|coeff=8|novolumedata=False|src_col=close", "is_status": "OK", "fwd_status": "OK", "entries": 186}
{"utc": "2026-09-26T09:41:22.934835+00:00", "event": "candidate_done", "origin": "2025-11-29", "candidate_index": 9, "total": 16, "candidate_id": "AP=55|alpha.condition_threshold=30|coeff=8|novolumedata=False|src_col=close", "is_status": "OK", "fwd_status": "OK", "entries": 234}
{"utc": "2026-09-26T09:41:55.733867+00:00", "event": "candidate_done", "origin": "2025-11-29", "candidate_index": 10, "total": 16, "candidate_id": "AP=57|alpha.condition_threshold=35|coeff=8|novolumedata=False|src_col=close", "is_status": "OK", "fwd_status": "OK", "entries": 264}
{"utc": "2026-09-26T09:42:29.123398+00:00", "event": "candidate_done", "origin": "2025-11-29", "candidate_index": 11, "total": 16, "candidate_id": "AP=47|alpha.condition_threshold=75|coeff=8|novolumedata=False|src_col=close", "is_status": "OK", "fwd_status": "OK", "entries": 185}
{"utc": "2026-09-26T09:43:01.379869+00:00", "event": "candidate_done", "origin": "2025-11-29", "candidate_index": 12, "total": 16, "candidate_id": "AP=41|alpha.condition_threshold=70|coeff=8|novolumedata=False|src_col=close", "is_status": "OK", "fwd_status": "OK", "entries": 239}
{"utc": "2026-09-26T09:43:36.215796+00:00", "event": "candidate_done", "origin": "2025-11-29", "candidate_index": 13, "total": 16, "candidate_id": "AP=59|alpha.condition_threshold=30|coeff=8|novolumedata=False|src_col=close", "is_status": "OK", "fwd_status": "OK", "entries": 226}
{"utc": "2026-09-26T09:44:09.971053+00:00", "event": "candidate_done", "origin": "2025-11-29", "candidate_index": 14, "total": 16, "candidate_id": "AP=56|alpha.condition_threshold=35|coeff=8|novolumedata=False|src_col=close", "is_status": "OK", "fwd_status": "OK", "entries": 266}
{"utc": "2026-09-26T09:44:42.405051+00:00", "event": "candidate_done", "origin": "2025-11-29", "candidate_index": 15, "total": 16, "candidate_id": "AP=58|alpha.condition_threshold=35|coeff=8|novolumedata=False|src_col=close", "is_status": "OK", "fwd_status": "OK", "entries": 265}
{"utc": "2026-09-26T09:44:44.174651+00:00", "event": "jm_fit_done", "origin": "2025-11-29", "status": "OK", "state": 0}
{"utc": "2026-09-26T09:44:44.207467+00:00", "event": "fold_complete", "origin": "2025-11-29", "fold_wall_seconds": 2181.16, "peak_rss_mib_so_far": 1832.0, "winners": {"A_M4": "AP=48|alpha.condition_threshold=75|coeff=8|novolumedata=False|src_col=close", "B_SD_GLOBAL": "AP=48|alpha.condition_threshold=80|coeff=8|novolumedata=False|src_col=close", "JM_C2.0": "AP=48|alpha.condition_threshold=80|coeff=8|novolumedata=False|src_col=close"}, "sha256": "4c9943f4e1085aca1adbb5aafbaf2a1c9d15470dcf1110df123e327ebe593a8b"}
{"utc": "2026-09-26T09:44:44.208209+00:00", "event": "run_complete", "total_wall_seconds": 30295.71, "peak_rss_mib": 1832.0, "n_folds_built": 12}
